This is XeTeX, Version 3.141592653-2.6-0.999993 (TeX Live 2022/dev/Debian) (preloaded format=xelatex 2026.6.9)  28 JUL 2026 18:59
entering extended mode
 restricted \write18 enabled.
 %&-line parsing enabled.
**main.tex
(./main.tex
LaTeX2e <2021-11-15> patch level 1
L3 programming layer <2022-01-21>
(/usr/share/texlive/texmf-dist/tex/latex/base/article.cls
Document Class: article 2021/10/04 v1.4n Standard LaTeX document class
(/usr/share/texlive/texmf-dist/tex/latex/base/size12.clo
File: size12.clo 2021/10/04 v1.4n Standard LaTeX file (size option)
)
\c@part=\count181
\c@section=\count182
\c@subsection=\count183
\c@subsubsection=\count184
\c@paragraph=\count185
\c@subparagraph=\count186
\c@figure=\count187
\c@table=\count188
\abovecaptionskip=\skip47
\belowcaptionskip=\skip48
\bibindent=\dimen138
)
(/usr/share/texlive/texmf-dist/tex/latex/fontspec/fontspec.sty
(/usr/share/texlive/texmf-dist/tex/latex/l3packages/xparse/xparse.sty
(/usr/share/texlive/texmf-dist/tex/latex/l3kernel/expl3.sty
Package: expl3 2022-01-21 L3 programming layer (loader) 

(/usr/share/texlive/texmf-dist/tex/latex/l3backend/l3backend-xetex.def
File: l3backend-xetex.def 2022-01-12 L3 backend support: XeTeX

(|extractbb --version)
\c__kernel_sys_dvipdfmx_version_int=\count189
\l__color_backend_stack_int=\count190
\g__color_backend_stack_int=\count191
\g__graphics_track_int=\count192
\l__pdf_internal_box=\box50
\g__pdf_backend_object_int=\count193
\g__pdf_backend_annotation_int=\count194
\g__pdf_backend_link_int=\count195
))
Package: xparse 2022-01-12 L3 Experimental document command parser
)
Package: fontspec 2022/01/15 v2.8a Font selection for XeLaTeX and LuaLaTeX

(/usr/share/texlive/texmf-dist/tex/latex/fontspec/fontspec-xetex.sty
Package: fontspec-xetex 2022/01/15 v2.8a Font selection for XeLaTeX and LuaLaTe
X
\l__fontspec_script_int=\count196
\l__fontspec_language_int=\count197
\l__fontspec_strnum_int=\count198
\l__fontspec_tmp_int=\count199
\l__fontspec_tmpa_int=\count266
\l__fontspec_tmpb_int=\count267
\l__fontspec_tmpc_int=\count268
\l__fontspec_em_int=\count269
\l__fontspec_emdef_int=\count270
\l__fontspec_strong_int=\count271
\l__fontspec_strongdef_int=\count272
\l__fontspec_tmpa_dim=\dimen139
\l__fontspec_tmpb_dim=\dimen140
\l__fontspec_tmpc_dim=\dimen141

(/usr/share/texlive/texmf-dist/tex/latex/base/fontenc.sty
Package: fontenc 2021/04/29 v2.0v Standard LaTeX package
)
(/usr/share/texlive/texmf-dist/tex/latex/fontspec/fontspec.cfg)))

Package fontspec Info: Font family 'DejaVuSerif(0)' created for font 'DejaVu
(fontspec)             Serif' with options [Ligatures=TeX].
(fontspec)              
(fontspec)              This font family consists of the following NFSS
(fontspec)             series/shapes:
(fontspec)              
(fontspec)             - 'normal' (m/n) with NFSS spec.: <->"DejaVu
(fontspec)             Serif/OT:script=latn;language=dflt;mapping=tex-text;"
(fontspec)             - 'small caps'  (m/sc) with NFSS spec.: 
(fontspec)             - 'bold' (b/n) with NFSS spec.: <->"DejaVu
(fontspec)             Serif/B/OT:script=latn;language=dflt;mapping=tex-text;"
(fontspec)             - 'bold small caps'  (b/sc) with NFSS spec.: 
(fontspec)             - 'italic' (m/it) with NFSS spec.: <->"DejaVu
(fontspec)             Serif/I/OT:script=latn;language=dflt;mapping=tex-text;"
(fontspec)             - 'italic small caps'  (m/scit) with NFSS spec.: 
(fontspec)             - 'bold italic' (b/it) with NFSS spec.: <->"DejaVu
(fontspec)             Serif/BI/OT:script=latn;language=dflt;mapping=tex-text;"

(fontspec)             - 'bold italic small caps'  (b/scit) with NFSS spec.: 


Package fontspec Info: Font family 'DejaVuSans(0)' created for font 'DejaVu
(fontspec)             Sans' with options [Ligatures=TeX].
(fontspec)              
(fontspec)              This font family consists of the following NFSS
(fontspec)             series/shapes:
(fontspec)              
(fontspec)             - 'normal' (m/n) with NFSS spec.: <->"DejaVu
(fontspec)             Sans/OT:script=latn;language=dflt;mapping=tex-text;"
(fontspec)             - 'small caps'  (m/sc) with NFSS spec.: 
(fontspec)             - 'bold' (b/n) with NFSS spec.: <->"DejaVu
(fontspec)             Sans/B/OT:script=latn;language=dflt;mapping=tex-text;"
(fontspec)             - 'bold small caps'  (b/sc) with NFSS spec.: 
(fontspec)             - 'italic' (m/it) with NFSS spec.: <->"DejaVu
(fontspec)             Sans/I/OT:script=latn;language=dflt;mapping=tex-text;"
(fontspec)             - 'italic small caps'  (m/scit) with NFSS spec.: 
(fontspec)             - 'bold italic' (b/it) with NFSS spec.: <->"DejaVu
(fontspec)             Sans/BI/OT:script=latn;language=dflt;mapping=tex-text;"
(fontspec)             - 'bold italic small caps'  (b/scit) with NFSS spec.: 


Package fontspec Info: Font family 'DejaVuSansMono(0)' created for font
(fontspec)             'DejaVu Sans Mono' with options
(fontspec)             [WordSpace={1,0,0},HyphenChar=None,PunctuationSpace=Word
Space,Scale=0.85].
(fontspec)              
(fontspec)              This font family consists of the following NFSS
(fontspec)             series/shapes:
(fontspec)              
(fontspec)             - 'normal' (m/n) with NFSS spec.: <->s*[0.85]"DejaVu
(fontspec)             Sans Mono/OT:script=latn;language=dflt;"
(fontspec)             - 'small caps'  (m/sc) with NFSS spec.: 
(fontspec)             and font adjustment code:
(fontspec)             \fontdimen 2\font =1\fontdimen 2\font \fontdimen 3\font
(fontspec)             =0\fontdimen 3\font \fontdimen 4\font =0\fontdimen
(fontspec)             4\font \fontdimen 7\font =0\fontdimen 2\font
(fontspec)             \tex_hyphenchar:D \font =-1\scan_stop: 
(fontspec)             - 'bold' (b/n) with NFSS spec.: <->s*[0.85]"DejaVu Sans
(fontspec)             Mono/B/OT:script=latn;language=dflt;"
(fontspec)             - 'bold small caps'  (b/sc) with NFSS spec.: 
(fontspec)             and font adjustment code:
(fontspec)             \fontdimen 2\font =1\fontdimen 2\font \fontdimen 3\font
(fontspec)             =0\fontdimen 3\font \fontdimen 4\font =0\fontdimen
(fontspec)             4\font \fontdimen 7\font =0\fontdimen 2\font
(fontspec)             \tex_hyphenchar:D \font =-1\scan_stop: 
(fontspec)             - 'italic' (m/it) with NFSS spec.: <->s*[0.85]"DejaVu
(fontspec)             Sans Mono/I/OT:script=latn;language=dflt;"
(fontspec)             - 'italic small caps'  (m/scit) with NFSS spec.: 
(fontspec)             and font adjustment code:
(fontspec)             \fontdimen 2\font =1\fontdimen 2\font \fontdimen 3\font
(fontspec)             =0\fontdimen 3\font \fontdimen 4\font =0\fontdimen
(fontspec)             4\font \fontdimen 7\font =0\fontdimen 2\font
(fontspec)             \tex_hyphenchar:D \font =-1\scan_stop: 
(fontspec)             - 'bold italic' (b/it) with NFSS spec.:
(fontspec)             <->s*[0.85]"DejaVu Sans
(fontspec)             Mono/BI/OT:script=latn;language=dflt;"
(fontspec)             - 'bold italic small caps'  (b/scit) with NFSS spec.: 
(fontspec)             and font adjustment code:
(fontspec)             \fontdimen 2\font =1\fontdimen 2\font \fontdimen 3\font
(fontspec)             =0\fontdimen 3\font \fontdimen 4\font =0\fontdimen
(fontspec)             4\font \fontdimen 7\font =0\fontdimen 2\font
(fontspec)             \tex_hyphenchar:D \font =-1\scan_stop: 


(/usr/share/texlive/texmf-dist/tex/latex/polyglossia/polyglossia.sty
Package: polyglossia 2021/04/12 v1.53 Modern multilingual typesetting with XeLa
TeX and LuaLaTeX

(/usr/share/texlive/texmf-dist/tex/latex/etoolbox/etoolbox.sty
Package: etoolbox 2020/10/05 v2.5k e-TeX tools for LaTeX (JAW)
\etb@tempcnta=\count273
)
(/usr/share/texlive/texmf-dist/tex/latex/makecmds/makecmds.sty
Package: makecmds 2009/09/03 v1.0a extra command making commands
)
(/usr/share/texlive/texmf-dist/tex/latex/xkeyval/xkeyval.sty
Package: xkeyval 2020/11/20 v2.8 package option processing (HA)

(/usr/share/texlive/texmf-dist/tex/generic/xkeyval/xkeyval.tex
(/usr/share/texlive/texmf-dist/tex/generic/xkeyval/xkvutils.tex
\XKV@toks=\toks16
\XKV@tempa@toks=\toks17

(/usr/share/texlive/texmf-dist/tex/generic/xkeyval/keyval.tex))
\XKV@depth=\count274
File: xkeyval.tex 2014/12/03 v2.7a key=value parser (HA)
))
(/usr/share/texlive/texmf-dist/tex/generic/iftex/iftex.sty
Package: iftex 2020/03/06 v1.0d TeX engine tests
)
(/usr/share/texlive/texmf-dist/tex/latex/l3packages/l3keys2e/l3keys2e.sty
Package: l3keys2e 2022-01-12 LaTeX2e option processing using LaTeX3 keys
)

LaTeX hooks Warning: Generic hook 'file/after/tracklang.sty' is deprecated.
(hooks)              Use hook 'file/tracklang.sty/after' instead.


LaTeX hooks Warning: Generic hook 'package/after/bidi' is deprecated.
(hooks)              Use hook 'package/bidi/after' instead.


LaTeX hooks Warning: Generic hook 'package/after/luabidi' is deprecated.
(hooks)              Use hook 'package/luabidi/after' instead.

\xpg@normalclass=\XeTeXcharclass1
(/usr/share/texlive/texmf-dist/tex/latex/polyglossia/gloss-latex.ldf
File: gloss-latex.ldf polyglossia: module for default language
The property list \polyglossia@langsetup contains the pairs (without outer
braces):
>  {latex/script}  =>  {latin}
>  {latex/lcscript}  =>  {latin}
>  {latex/scripttag}  =>  {}
>  {latex/language}  =>  {Latex}
>  {latex/langtag}  =>  {ENG}
>  {latex/bcp47}  =>  {}
>  {latex/hyphennames}  =>  {english}
>  {latex/direction}  =>  {LR}
>  {latex/hyphenmins}  =>  {2,3}
>  {latex/frenchspacing}  =>  {false}
>  {latex/indentfirst}  =>  {false}
>  {latex/fontsetup}  =>  {true}
>  {latex/envname}  =>  {latex}
>  {latex/babelname}  =>  {latex}
>  {latex/localnumeral}  =>  {polyglossia@C@localnumeral}
>  {latex/Localnumeral}  =>  {polyglossia@C@localnumeral}.
)
Package polyglossia Info: Default language is latex.
)
(/usr/share/texlive/texmf-dist/tex/latex/polyglossia/gloss-russian.ldf
File: gloss-russian.ldf polyglossia: module for russian

(/usr/share/texlive/texmf-dist/tex/latex/polyglossia/xpg-cyrillicnumbers.sty
Package: xpg-cyrillicnumbers 2019/11/15 v0.2 Formatting of Cyrillic alphabetic 
numbers
)
The property list \polyglossia@langsetup contains the pairs (without outer
braces):
>  {latex/script}  =>  {latin}
>  {latex/lcscript}  =>  {latin}
>  {latex/scripttag}  =>  {}
>  {latex/language}  =>  {Latex}
>  {latex/langtag}  =>  {ENG}
>  {latex/bcp47}  =>  {}
>  {latex/hyphennames}  =>  {english}
>  {latex/direction}  =>  {LR}
>  {latex/hyphenmins}  =>  {2,3}
>  {latex/frenchspacing}  =>  {false}
>  {latex/indentfirst}  =>  {false}
>  {latex/fontsetup}  =>  {true}
>  {latex/envname}  =>  {latex}
>  {latex/babelname}  =>  {latex}
>  {latex/localnumeral}  =>  {polyglossia@C@localnumeral}
>  {latex/Localnumeral}  =>  {polyglossia@C@localnumeral}
>  {russian/script}  =>  {Cyrillic}
>  {russian/lcscript}  =>  {cyrillic}
>  {russian/scripttag}  =>  {cyrl}
>  {russian/language}  =>  {Russian}
>  {russian/langtag}  =>  {RUS}
>  {russian/bcp47}  =>  {ru}
>  {russian/hyphennames}  =>  {russian}
>  {russian/direction}  =>  {LR}
>  {russian/hyphenmins}  =>  {2,2}
>  {russian/frenchspacing}  =>  {true}
>  {russian/indentfirst}  =>  {true}
>  {russian/fontsetup}  =>  {true}
>  {russian/envname}  =>  {russian}
>  {russian/babelname}  =>  {russian}
>  {russian/localnumeral}  =>  {russiannumerals}
>  {russian/Localnumeral}  =>  {Russiannumerals}.


Package polyglossia Warning: No hyphenation patterns were loaded for `russian'
(polyglossia)                I will use \language=\l@nohyphenation instead on i
nput line 17.

\l@russian = a dialect from \language\l@nohyphenation 
Package polyglossia Info: Option: Russian, numerals=arabic.
(/usr/share/texlive/texmf-dist/tex/latex/polyglossia/babelsh.def
File: babelsh.def 2019/09/30 Babel common definitions for shorthands
 Taken verbatim from babel files (2019/09/27 v3.34)
)
Package polyglossia Info: Making " an active character on input line 97.
)
Package polyglossia Info: Default language is russian.

(/usr/share/texlive/texmf-dist/tex/latex/polyglossia/gloss-english.ldf
File: gloss-english.ldf polyglossia: module for english
The property list \polyglossia@langsetup contains the pairs (without outer
braces):
>  {latex/script}  =>  {latin}
>  {latex/lcscript}  =>  {latin}
>  {latex/scripttag}  =>  {}
>  {latex/language}  =>  {Latex}
>  {latex/langtag}  =>  {ENG}
>  {latex/bcp47}  =>  {}
>  {latex/hyphennames}  =>  {english}
>  {latex/direction}  =>  {LR}
>  {latex/hyphenmins}  =>  {2,3}
>  {latex/frenchspacing}  =>  {false}
>  {latex/indentfirst}  =>  {false}
>  {latex/fontsetup}  =>  {true}
>  {latex/envname}  =>  {latex}
>  {latex/babelname}  =>  {latex}
>  {latex/localnumeral}  =>  {polyglossia@C@localnumeral}
>  {latex/Localnumeral}  =>  {polyglossia@C@localnumeral}
>  {russian/script}  =>  {Cyrillic}
>  {russian/lcscript}  =>  {cyrillic}
>  {russian/scripttag}  =>  {cyrl}
>  {russian/language}  =>  {Russian}
>  {russian/langtag}  =>  {RUS}
>  {russian/bcp47}  =>  {ru}
>  {russian/hyphennames}  =>  {russian}
>  {russian/direction}  =>  {LR}
>  {russian/hyphenmins}  =>  {2,2}
>  {russian/frenchspacing}  =>  {true}
>  {russian/indentfirst}  =>  {true}
>  {russian/fontsetup}  =>  {true}
>  {russian/envname}  =>  {russian}
>  {russian/babelname}  =>  {russian}
>  {russian/localnumeral}  =>  {russiannumerals}
>  {russian/Localnumeral}  =>  {Russiannumerals}
>  {english/script}  =>  {latin}
>  {english/lcscript}  =>  {latin}
>  {english/scripttag}  =>  {}
>  {english/language}  =>  {English}
>  {english/langtag}  =>  {ENG}
>  {english/bcp47}  =>  {en-US}
>  {english/hyphennames}  =>  {english,american,usenglish,USenglish}
>  {english/direction}  =>  {LR}
>  {english/hyphenmins}  =>  {2,3}
>  {english/frenchspacing}  =>  {false}
>  {english/indentfirst}  =>  {false}
>  {english/fontsetup}  =>  {true}
>  {english/envname}  =>  {english}
>  {english/babelname}  =>  {english}
>  {english/localnumeral}  =>  {polyglossia@C@localnumeral}
>  {english/Localnumeral}  =>  {polyglossia@C@localnumeral}.
Package polyglossia Info: Option: English, variant=american.
)
(/usr/share/texlive/texmf-dist/tex/latex/amsmath/amsmath.sty
Package: amsmath 2021/10/15 v2.17l AMS math features
\@mathmargin=\skip49

For additional information on amsmath, use the `?' option.
(/usr/share/texlive/texmf-dist/tex/latex/amsmath/amstext.sty
Package: amstext 2021/08/26 v2.01 AMS text

(/usr/share/texlive/texmf-dist/tex/latex/amsmath/amsgen.sty
File: amsgen.sty 1999/11/30 v2.0 generic functions
\@emptytoks=\toks18
\ex@=\dimen142
))
(/usr/share/texlive/texmf-dist/tex/latex/amsmath/amsbsy.sty
Package: amsbsy 1999/11/29 v1.2d Bold Symbols
\pmbraise@=\dimen143
)
(/usr/share/texlive/texmf-dist/tex/latex/amsmath/amsopn.sty
Package: amsopn 2021/08/26 v2.02 operator names
)
\inf@bad=\count275
LaTeX Info: Redefining \frac on input line 234.
\uproot@=\count276
\leftroot@=\count277
LaTeX Info: Redefining \overline on input line 399.
\classnum@=\count278
\DOTSCASE@=\count279
LaTeX Info: Redefining \ldots on input line 496.
LaTeX Info: Redefining \dots on input line 499.
LaTeX Info: Redefining \cdots on input line 620.
\Mathstrutbox@=\box51
\strutbox@=\box52
\big@size=\dimen144
LaTeX Font Info:    Redeclaring font encoding OML on input line 743.
LaTeX Font Info:    Redeclaring font encoding OMS on input line 744.
\macc@depth=\count280
\c@MaxMatrixCols=\count281
\dotsspace@=\muskip16
\c@parentequation=\count282
\dspbrk@lvl=\count283
\tag@help=\toks19
\row@=\count284
\column@=\count285
\maxfields@=\count286
\andhelp@=\toks20
\eqnshift@=\dimen145
\alignsep@=\dimen146
\tagshift@=\dimen147
\tagwidth@=\dimen148
\totwidth@=\dimen149
\lineht@=\dimen150
\@envbody=\toks21
\multlinegap=\skip50
\multlinetaggap=\skip51
\mathdisplay@stack=\toks22
LaTeX Info: Redefining \[ on input line 2938.
LaTeX Info: Redefining \] on input line 2939.
)
(/usr/share/texlive/texmf-dist/tex/latex/amsfonts/amssymb.sty
Package: amssymb 2013/01/14 v3.01 AMS font symbols

(/usr/share/texlive/texmf-dist/tex/latex/amsfonts/amsfonts.sty
Package: amsfonts 2013/01/14 v3.01 Basic AMSFonts support
\symAMSa=\mathgroup4
\symAMSb=\mathgroup5
LaTeX Font Info:    Redeclaring math symbol \hbar on input line 98.
LaTeX Font Info:    Overwriting math alphabet `\mathfrak' in version `bold'
(Font)                  U/euf/m/n --> U/euf/b/n on input line 106.
))
(/usr/share/texlive/texmf-dist/tex/latex/mathtools/mathtools.sty
Package: mathtools 2021/02/02 v1.28 mathematical typesetting tools

(/usr/share/texlive/texmf-dist/tex/latex/tools/calc.sty
Package: calc 2017/05/25 v4.3 Infix arithmetic (KKT,FJ)
\calc@Acount=\count287
\calc@Bcount=\count288
\calc@Adimen=\dimen151
\calc@Bdimen=\dimen152
\calc@Askip=\skip52
\calc@Bskip=\skip53
LaTeX Info: Redefining \setlength on input line 80.
LaTeX Info: Redefining \addtolength on input line 81.
\calc@Ccount=\count289
\calc@Cskip=\skip54
)
(/usr/share/texlive/texmf-dist/tex/latex/mathtools/mhsetup.sty
Package: mhsetup 2021/03/18 v1.4 programming setup (MH)
)
\g_MT_multlinerow_int=\count290
\l_MT_multwidth_dim=\dimen153
\origjot=\skip55
\l_MT_shortvdotswithinadjustabove_dim=\dimen154
\l_MT_shortvdotswithinadjustbelow_dim=\dimen155
\l_MT_above_intertext_sep=\dimen156
\l_MT_below_intertext_sep=\dimen157
\l_MT_above_shortintertext_sep=\dimen158
\l_MT_below_shortintertext_sep=\dimen159
\xmathstrut@box=\box53
\xmathstrut@dim=\dimen160
)
(/usr/share/texlive/texmf-dist/tex/latex/booktabs/booktabs.sty
Package: booktabs 2020/01/12 v1.61803398 Publication quality tables
\heavyrulewidth=\dimen161
\lightrulewidth=\dimen162
\cmidrulewidth=\dimen163
\belowrulesep=\dimen164
\belowbottomsep=\dimen165
\aboverulesep=\dimen166
\abovetopsep=\dimen167
\cmidrulesep=\dimen168
\cmidrulekern=\dimen169
\defaultaddspace=\dimen170
\@cmidla=\count291
\@cmidlb=\count292
\@aboverulesep=\dimen171
\@belowrulesep=\dimen172
\@thisruleclass=\count293
\@lastruleclass=\count294
\@thisrulewidth=\dimen173
)
(/usr/share/texlive/texmf-dist/tex/latex/geometry/geometry.sty
Package: geometry 2020/01/02 v5.9 Page Geometry

(/usr/share/texlive/texmf-dist/tex/generic/iftex/ifvtex.sty
Package: ifvtex 2019/10/25 v1.7 ifvtex legacy package. Use iftex instead.
)
\Gm@cnth=\count295
\Gm@cntv=\count296
\c@Gm@tempcnt=\count297
\Gm@bindingoffset=\dimen174
\Gm@wd@mp=\dimen175
\Gm@odd@mp=\dimen176
\Gm@even@mp=\dimen177
\Gm@layoutwidth=\dimen178
\Gm@layoutheight=\dimen179
\Gm@layouthoffset=\dimen180
\Gm@layoutvoffset=\dimen181
\Gm@dimlist=\toks23
)
(/usr/share/texlive/texmf-dist/tex/latex/enumitem/enumitem.sty
Package: enumitem 2019/06/20 v3.9 Customized lists
\enitkv@toks@=\toks24
\labelindent=\skip56
\enit@outerparindent=\dimen182
\enit@toks=\toks25
\enit@inbox=\box54
\enit@count@id=\count298
\enitdp@description=\count299
)
(/usr/share/texlive/texmf-dist/tex/latex/xcolor/xcolor.sty
Package: xcolor 2021/10/31 v2.13 LaTeX color extensions (UK)

(/usr/share/texlive/texmf-dist/tex/latex/graphics-cfg/color.cfg
File: color.cfg 2016/01/02 v1.6 sample color configuration
)
Package xcolor Info: Driver file: xetex.def on input line 227.

(/usr/share/texlive/texmf-dist/tex/latex/graphics-def/xetex.def
File: xetex.def 2021/03/18 v5.0k Graphics/color driver for xetex
)
Package xcolor Info: Model `cmy' substituted by `cmy0' on input line 1352.
Package xcolor Info: Model `RGB' extended on input line 1368.
Package xcolor Info: Model `HTML' substituted by `rgb' on input line 1370.
Package xcolor Info: Model `Hsb' substituted by `hsb' on input line 1371.
Package xcolor Info: Model `tHsb' substituted by `hsb' on input line 1372.
Package xcolor Info: Model `HSB' substituted by `hsb' on input line 1373.
Package xcolor Info: Model `Gray' substituted by `gray' on input line 1374.
Package xcolor Info: Model `wave' substituted by `hsb' on input line 1375.
)
(/usr/share/texlive/texmf-dist/tex/latex/listings/listings.sty
\lst@mode=\count300
\lst@gtempboxa=\box55
\lst@token=\toks26
\lst@length=\count301
\lst@currlwidth=\dimen183
\lst@column=\count302
\lst@pos=\count303
\lst@lostspace=\dimen184
\lst@width=\dimen185
\lst@newlines=\count304
\lst@lineno=\count305
\lst@maxwidth=\dimen186

(/usr/share/texlive/texmf-dist/tex/latex/listings/lstmisc.sty
File: lstmisc.sty 2020/03/24 1.8d (Carsten Heinz)
\c@lstnumber=\count306
\lst@skipnumbers=\count307
\lst@framebox=\box56
)
(/usr/share/texlive/texmf-dist/tex/latex/listings/listings.cfg
File: listings.cfg 2020/03/24 1.8d listings configuration
))
Package: listings 2020/03/24 1.8d (Carsten Heinz)

(/usr/share/texlive/texmf-dist/tex/latex/hyperref/hyperref.sty
Package: hyperref 2021-06-07 v7.00m Hypertext links for LaTeX

(/usr/share/texlive/texmf-dist/tex/generic/ltxcmds/ltxcmds.sty
Package: ltxcmds 2020-05-10 v1.25 LaTeX kernel commands for general use (HO)
)
(/usr/share/texlive/texmf-dist/tex/generic/pdftexcmds/pdftexcmds.sty
Package: pdftexcmds 2020-06-27 v0.33 Utility functions of pdfTeX for LuaTeX (HO
)

(/usr/share/texlive/texmf-dist/tex/generic/infwarerr/infwarerr.sty
Package: infwarerr 2019/12/03 v1.5 Providing info/warning/error messages (HO)
)
Package pdftexcmds Info: \pdf@primitive is available.
Package pdftexcmds Info: \pdf@ifprimitive is available.
Package pdftexcmds Info: \pdfdraftmode not found.
)
(/usr/share/texlive/texmf-dist/tex/generic/kvsetkeys/kvsetkeys.sty
Package: kvsetkeys 2019/12/15 v1.18 Key value parser (HO)
)
(/usr/share/texlive/texmf-dist/tex/generic/kvdefinekeys/kvdefinekeys.sty
Package: kvdefinekeys 2019-12-19 v1.6 Define keys (HO)
)
(/usr/share/texlive/texmf-dist/tex/generic/pdfescape/pdfescape.sty
Package: pdfescape 2019/12/09 v1.15 Implements pdfTeX's escape features (HO)
)
(/usr/share/texlive/texmf-dist/tex/latex/hycolor/hycolor.sty
Package: hycolor 2020-01-27 v1.10 Color options for hyperref/bookmark (HO)
)
(/usr/share/texlive/texmf-dist/tex/latex/letltxmacro/letltxmacro.sty
Package: letltxmacro 2019/12/03 v1.6 Let assignment for LaTeX macros (HO)
)
(/usr/share/texlive/texmf-dist/tex/latex/auxhook/auxhook.sty
Package: auxhook 2019-12-17 v1.6 Hooks for auxiliary files (HO)
)
(/usr/share/texlive/texmf-dist/tex/latex/kvoptions/kvoptions.sty
Package: kvoptions 2020-10-07 v3.14 Key value format for package options (HO)
)
\@linkdim=\dimen187
\Hy@linkcounter=\count308
\Hy@pagecounter=\count309

(/usr/share/texlive/texmf-dist/tex/latex/hyperref/pd1enc.def
File: pd1enc.def 2021-06-07 v7.00m Hyperref: PDFDocEncoding definition (HO)
)
(/usr/share/texlive/texmf-dist/tex/latex/hyperref/hyperref-langpatches.def
File: hyperref-langpatches.def 2021-06-07 v7.00m Hyperref: patches for babel la
nguages
)
(/usr/share/texlive/texmf-dist/tex/generic/intcalc/intcalc.sty
Package: intcalc 2019/12/15 v1.3 Expandable calculations with integers (HO)
)
(/usr/share/texlive/texmf-dist/tex/generic/etexcmds/etexcmds.sty
Package: etexcmds 2019/12/15 v1.7 Avoid name clashes with e-TeX commands (HO)
)
\Hy@SavedSpaceFactor=\count310

(/usr/share/texlive/texmf-dist/tex/latex/hyperref/puenc.def
File: puenc.def 2021-06-07 v7.00m Hyperref: PDF Unicode definition (HO)
)
Package hyperref Info: Hyper figures OFF on input line 4192.
Package hyperref Info: Link nesting OFF on input line 4197.
Package hyperref Info: Hyper index ON on input line 4200.
Package hyperref Info: Plain pages OFF on input line 4207.
Package hyperref Info: Backreferencing OFF on input line 4212.
Package hyperref Info: Implicit mode ON; LaTeX internals redefined.
Package hyperref Info: Bookmarks ON on input line 4445.
\c@Hy@tempcnt=\count311

(/usr/share/texlive/texmf-dist/tex/latex/url/url.sty
\Urlmuskip=\muskip17
Package: url 2013/09/16  ver 3.4  Verb mode for urls, etc.
)
LaTeX Info: Redefining \url on input line 4804.
\XeTeXLinkMargin=\dimen188

(/usr/share/texlive/texmf-dist/tex/generic/bitset/bitset.sty
Package: bitset 2019/12/09 v1.3 Handle bit-vector datatype (HO)

(/usr/share/texlive/texmf-dist/tex/generic/bigintcalc/bigintcalc.sty
Package: bigintcalc 2019/12/15 v1.5 Expandable calculations on big integers (HO
)
))
\Fld@menulength=\count312
\Field@Width=\dimen189
\Fld@charsize=\dimen190
Package hyperref Info: Hyper figures OFF on input line 6076.
Package hyperref Info: Link nesting OFF on input line 6081.
Package hyperref Info: Hyper index ON on input line 6084.
Package hyperref Info: backreferencing OFF on input line 6091.
Package hyperref Info: Link coloring OFF on input line 6096.
Package hyperref Info: Link coloring with OCG OFF on input line 6101.
Package hyperref Info: PDF/A mode OFF on input line 6106.
LaTeX Info: Redefining \ref on input line 6146.
LaTeX Info: Redefining \pageref on input line 6150.

(/usr/share/texlive/texmf-dist/tex/latex/base/atbegshi-ltx.sty
Package: atbegshi-ltx 2021/01/10 v1.0c Emulation of the original atbegshi
package with kernel methods
)
\Hy@abspage=\count313
\c@Item=\count314
\c@Hfootnote=\count315
)
Package hyperref Info: Driver (autodetected): hxetex.

(/usr/share/texlive/texmf-dist/tex/latex/hyperref/hxetex.def
File: hxetex.def 2021-06-07 v7.00m Hyperref driver for XeTeX

(/usr/share/texlive/texmf-dist/tex/generic/stringenc/stringenc.sty
Package: stringenc 2019/11/29 v1.12 Convert strings between diff. encodings (HO
)
)
\pdfm@box=\box57
\c@Hy@AnnotLevel=\count316
\HyField@AnnotCount=\count317
\Fld@listcount=\count318
\c@bookmark@seq@number=\count319

(/usr/share/texlive/texmf-dist/tex/latex/rerunfilecheck/rerunfilecheck.sty
Package: rerunfilecheck 2019/12/05 v1.9 Rerun checks for auxiliary files (HO)

(/usr/share/texlive/texmf-dist/tex/latex/base/atveryend-ltx.sty
Package: atveryend-ltx 2020/08/19 v1.0a Emulation of the original atveryend pac
kage
with kernel methods
)
(/usr/share/texlive/texmf-dist/tex/generic/uniquecounter/uniquecounter.sty
Package: uniquecounter 2019/12/15 v1.4 Provide unlimited unique counter (HO)
)
Package uniquecounter Info: New unique counter `rerunfilecheck' on input line 2
86.
)
\Hy@SectionHShift=\skip57
)
(./main.aux
LaTeX Info: Redefining \rmfamily on input line 20.
LaTeX Info: Redefining \sffamily on input line 20.
LaTeX Info: Redefining \ttfamily on input line 20.

Package fontspec Info: Font family 'DejaVuSerif(1)' created for font 'DejaVu
(fontspec)             Serif' with options [Ligatures=TeX,Script=Cyrillic].
(fontspec)              
(fontspec)              This font family consists of the following NFSS
(fontspec)             series/shapes:
(fontspec)              
(fontspec)             - 'normal' (m/n) with NFSS spec.: <->"DejaVu
(fontspec)             Serif/OT:script=cyrl;language=dflt;mapping=tex-text;"
(fontspec)             - 'small caps'  (m/sc) with NFSS spec.: 
(fontspec)             - 'bold' (b/n) with NFSS spec.: <->"DejaVu
(fontspec)             Serif/B/OT:script=cyrl;language=dflt;mapping=tex-text;"
(fontspec)             - 'bold small caps'  (b/sc) with NFSS spec.: 
(fontspec)             - 'italic' (m/it) with NFSS spec.: <->"DejaVu
(fontspec)             Serif/I/OT:script=cyrl;language=dflt;mapping=tex-text;"
(fontspec)             - 'italic small caps'  (m/scit) with NFSS spec.: 
(fontspec)             - 'bold italic' (b/it) with NFSS spec.: <->"DejaVu
(fontspec)             Serif/BI/OT:script=cyrl;language=dflt;mapping=tex-text;"

(fontspec)             - 'bold italic small caps'  (b/scit) with NFSS spec.: 

)
\openout1 = `main.aux'.

LaTeX Font Info:    Checking defaults for OML/cmm/m/it on input line 68.
LaTeX Font Info:    ... okay on input line 68.
LaTeX Font Info:    Checking defaults for OMS/cmsy/m/n on input line 68.
LaTeX Font Info:    ... okay on input line 68.
LaTeX Font Info:    Checking defaults for OT1/cmr/m/n on input line 68.
LaTeX Font Info:    ... okay on input line 68.
LaTeX Font Info:    Checking defaults for T1/cmr/m/n on input line 68.
LaTeX Font Info:    ... okay on input line 68.
LaTeX Font Info:    Checking defaults for TS1/cmr/m/n on input line 68.
LaTeX Font Info:    Trying to load font information for TS1+cmr on input line 6
8.
 (/usr/share/texlive/texmf-dist/tex/latex/base/ts1cmr.fd
File: ts1cmr.fd 2019/12/16 v2.5j Standard LaTeX font definitions
)
LaTeX Font Info:    ... okay on input line 68.
LaTeX Font Info:    Checking defaults for TU/lmr/m/n on input line 68.
LaTeX Font Info:    ... okay on input line 68.
LaTeX Font Info:    Checking defaults for OMX/cmex/m/n on input line 68.
LaTeX Font Info:    ... okay on input line 68.
LaTeX Font Info:    Checking defaults for U/cmr/m/n on input line 68.
LaTeX Font Info:    ... okay on input line 68.
LaTeX Font Info:    Checking defaults for PD1/pdf/m/n on input line 68.
LaTeX Font Info:    ... okay on input line 68.
LaTeX Font Info:    Checking defaults for PU/pdf/m/n on input line 68.
LaTeX Font Info:    ... okay on input line 68.

Package fontspec Info: Adjusting the maths setup (use [no-math] to avoid
(fontspec)             this).

\symlegacymaths=\mathgroup6
LaTeX Font Info:    Overwriting symbol font `legacymaths' in version `bold'
(Font)                  OT1/cmr/m/n --> OT1/cmr/bx/n on input line 68.
LaTeX Font Info:    Redeclaring math accent \acute on input line 68.
LaTeX Font Info:    Redeclaring math accent \grave on input line 68.
LaTeX Font Info:    Redeclaring math accent \ddot on input line 68.
LaTeX Font Info:    Redeclaring math accent \tilde on input line 68.
LaTeX Font Info:    Redeclaring math accent \bar on input line 68.
LaTeX Font Info:    Redeclaring math accent \breve on input line 68.
LaTeX Font Info:    Redeclaring math accent \check on input line 68.
LaTeX Font Info:    Redeclaring math accent \hat on input line 68.
LaTeX Font Info:    Redeclaring math accent \dot on input line 68.
LaTeX Font Info:    Redeclaring math accent \mathring on input line 68.
LaTeX Font Info:    Redeclaring math symbol \Gamma on input line 68.
LaTeX Font Info:    Redeclaring math symbol \Delta on input line 68.
LaTeX Font Info:    Redeclaring math symbol \Theta on input line 68.
LaTeX Font Info:    Redeclaring math symbol \Lambda on input line 68.
LaTeX Font Info:    Redeclaring math symbol \Xi on input line 68.
LaTeX Font Info:    Redeclaring math symbol \Pi on input line 68.
LaTeX Font Info:    Redeclaring math symbol \Sigma on input line 68.
LaTeX Font Info:    Redeclaring math symbol \Upsilon on input line 68.
LaTeX Font Info:    Redeclaring math symbol \Phi on input line 68.
LaTeX Font Info:    Redeclaring math symbol \Psi on input line 68.
LaTeX Font Info:    Redeclaring math symbol \Omega on input line 68.
LaTeX Font Info:    Redeclaring math symbol \mathdollar on input line 68.
LaTeX Font Info:    Redeclaring symbol font `operators' on input line 68.
LaTeX Font Info:    Encoding `OT1' has changed to `TU' for symbol font
(Font)              `operators' in the math version `normal' on input line 68.
LaTeX Font Info:    Overwriting symbol font `operators' in version `normal'
(Font)                  OT1/cmr/m/n --> TU/DejaVuSerif(0)/m/n on input line 68.

LaTeX Font Info:    Encoding `OT1' has changed to `TU' for symbol font
(Font)              `operators' in the math version `bold' on input line 68.
LaTeX Font Info:    Overwriting symbol font `operators' in version `bold'
(Font)                  OT1/cmr/bx/n --> TU/DejaVuSerif(0)/m/n on input line 68
.
LaTeX Font Info:    Overwriting symbol font `operators' in version `normal'
(Font)                  TU/DejaVuSerif(0)/m/n --> TU/DejaVuSerif(0)/m/n on inpu
t line 68.
LaTeX Font Info:    Overwriting math alphabet `\mathit' in version `normal'
(Font)                  OT1/cmr/m/it --> TU/DejaVuSerif(0)/m/it on input line 6
8.
LaTeX Font Info:    Overwriting math alphabet `\mathbf' in version `normal'
(Font)                  OT1/cmr/bx/n --> TU/DejaVuSerif(0)/b/n on input line 68
.
LaTeX Font Info:    Overwriting math alphabet `\mathsf' in version `normal'
(Font)                  OT1/cmss/m/n --> TU/DejaVuSans(0)/m/n on input line 68.

LaTeX Font Info:    Overwriting math alphabet `\mathtt' in version `normal'
(Font)                  OT1/cmtt/m/n --> TU/DejaVuSansMono(0)/m/n on input line
 68.
LaTeX Font Info:    Overwriting symbol font `operators' in version `bold'
(Font)                  TU/DejaVuSerif(0)/m/n --> TU/DejaVuSerif(0)/b/n on inpu
t line 68.
LaTeX Font Info:    Overwriting math alphabet `\mathit' in version `bold'
(Font)                  OT1/cmr/bx/it --> TU/DejaVuSerif(0)/b/it on input line 
68.
LaTeX Font Info:    Overwriting math alphabet `\mathsf' in version `bold'
(Font)                  OT1/cmss/bx/n --> TU/DejaVuSans(0)/b/n on input line 68
.
LaTeX Font Info:    Overwriting math alphabet `\mathtt' in version `bold'
(Font)                  OT1/cmtt/m/n --> TU/DejaVuSansMono(0)/b/n on input line
 68.

(/usr/share/texlive/texmf-dist/tex/latex/graphics/graphicx.sty
Package: graphicx 2021/09/16 v1.2d Enhanced LaTeX Graphics (DPC,SPQR)

(/usr/share/texlive/texmf-dist/tex/latex/graphics/graphics.sty
Package: graphics 2021/03/04 v1.4d Standard LaTeX Graphics (DPC,SPQR)

(/usr/share/texlive/texmf-dist/tex/latex/graphics/trig.sty
Package: trig 2021/08/11 v1.11 sin cos tan (DPC)
)
(/usr/share/texlive/texmf-dist/tex/latex/graphics-cfg/graphics.cfg
File: graphics.cfg 2016/06/04 v1.11 sample graphics configuration
)
Package graphics Info: Driver file: xetex.def on input line 107.
)
\Gin@req@height=\dimen191
\Gin@req@width=\dimen192
)
*geometry* driver: auto-detecting
*geometry* detected driver: xetex
*geometry* verbose mode - [ preamble ] result:
* driver: xetex
* paper: a4paper
* layout: <same size as paper>
* layoutoffset:(h,v)=(0.0pt,0.0pt)
* modes: 
* h-part:(L,W,R)=(71.13188pt, 469.47049pt, 56.9055pt)
* v-part:(T,H,B)=(56.9055pt, 731.23584pt, 56.9055pt)
* \paperwidth=597.50787pt
* \paperheight=845.04684pt
* \textwidth=469.47049pt
* \textheight=731.23584pt
* \oddsidemargin=-1.1381pt
* \evensidemargin=-1.1381pt
* \topmargin=-52.36449pt
* \headheight=12.0pt
* \headsep=25.0pt
* \topskip=12.0pt
* \footskip=30.0pt
* \marginparwidth=35.0pt
* \marginparsep=10.0pt
* \columnsep=10.0pt
* \skip\footins=10.8pt plus 4.0pt minus 2.0pt
* \hoffset=0.0pt
* \voffset=0.0pt
* \mag=1000
* \@twocolumnfalse
* \@twosidefalse
* \@mparswitchfalse
* \@reversemarginfalse
* (1in=72.27pt=25.4mm, 1cm=28.453pt)

\c@lstlisting=\count320
Package hyperref Info: Link coloring OFF on input line 68.
(/usr/share/texlive/texmf-dist/tex/latex/hyperref/nameref.sty
Package: nameref 2021-04-02 v2.47 Cross-referencing by name of section

(/usr/share/texlive/texmf-dist/tex/latex/refcount/refcount.sty
Package: refcount 2019/12/15 v3.6 Data extraction from label references (HO)
)
(/usr/share/texlive/texmf-dist/tex/generic/gettitlestring/gettitlestring.sty
Package: gettitlestring 2019/12/15 v1.6 Cleanup title references (HO)
)
\c@section@level=\count321
)
LaTeX Info: Redefining \ref on input line 68.
LaTeX Info: Redefining \pageref on input line 68.
LaTeX Info: Redefining \nameref on input line 68.

(./main.out) (./main.out)
\@outlinefile=\write3
\openout3 = `main.out'.

LaTeX Info: Redefining \rmfamily on input line 68.
LaTeX Info: Redefining \sffamily on input line 68.
LaTeX Info: Redefining \ttfamily on input line 68.
LaTeX Info: Redefining \rmfamily on input line 68.
LaTeX Info: Redefining \sffamily on input line 68.
LaTeX Info: Redefining \ttfamily on input line 68.
LaTeX Font Info:    Trying to load font information for U+msa on input line 70.


(/usr/share/texlive/texmf-dist/tex/latex/amsfonts/umsa.fd
File: umsa.fd 2013/01/14 v3.01 AMS symbols A
)
LaTeX Font Info:    Trying to load font information for U+msb on input line 70.


(/usr/share/texlive/texmf-dist/tex/latex/amsfonts/umsb.fd
File: umsb.fd 2013/01/14 v3.01 AMS symbols B
)
Overfull \hbox (51.06035pt too wide) in paragraph at lines 72--83
[]\TU/DejaVuSerif(1)/m/n/10.95 Библиотека Flexia формулирует динамику многотель
ной системы в абсолютных
 []


Overfull \hbox (71.3308pt too wide) in paragraph at lines 72--83
\TU/DejaVuSerif(1)/m/n/10.95 координатах с множителями Лагранжа, что приводит к
 системе дифференциально-
 []


Overfull \hbox (29.72713pt too wide) in paragraph at lines 72--83
\TU/DejaVuSerif(1)/m/n/10.95 планирования оптимального по быстродействию движен
ия вдоль заданного
 []


Overfull \hbox (36.0571pt too wide) in paragraph at lines 72--83
\TU/DejaVuSerif(1)/m/n/10.95 пути (TOPP) требуют модели в явной форме $[] \OT1/
cmr/m/n/10.95 = []([])[] + []([]\OML/cmm/m/it/10.95 ; []\OT1/cmr/m/n/10.95 )$ \
TU/DejaVuSerif(1)/m/n/10.95 в минимальных
 []


Overfull \hbox (31.3155pt too wide) in paragraph at lines 72--83
\TU/DejaVuSerif(1)/m/n/10.95 координатах. В работе изложен переход между этими 
формами посредством
 []


Overfull \hbox (65.39063pt too wide) in paragraph at lines 72--83
\TU/DejaVuSerif(1)/m/n/10.95 связей, указан способ получения всех необходимых в
еличин через существующий
 []


Overfull \hbox (13.0306pt too wide) in paragraph at lines 72--83
\TU/DejaVuSerif(1)/m/n/10.95 интерфейс библиотеки, предложено расширение интерф
ейса и приведён
 []

(./main.toc
LaTeX Info: Redefining \rmfamily on input line 1.
LaTeX Info: Redefining \sffamily on input line 1.
LaTeX Info: Redefining \ttfamily on input line 1.
 [1

]
LaTeX Font Info:    Font shape `TU/DejaVuSansMono(0)/m/n' will be
(Font)              scaled to size 10.20007pt on input line 22.

Package fontspec Info: Font family 'DejaVuSansMono(1)' created for font
(fontspec)             'DejaVu Sans Mono' with options
(fontspec)             [WordSpace={1,0,0},HyphenChar=None,PunctuationSpace=Word
Space,Scale=0.85,Script=Cyrillic].
(fontspec)              
(fontspec)              This font family consists of the following NFSS
(fontspec)             series/shapes:
(fontspec)              
(fontspec)             - 'normal' (m/n) with NFSS spec.: <->s*[0.85]"DejaVu
(fontspec)             Sans Mono/OT:script=cyrl;language=dflt;"
(fontspec)             - 'small caps'  (m/sc) with NFSS spec.: 
(fontspec)             and font adjustment code:
(fontspec)             \fontdimen 2\font =1\fontdimen 2\font \fontdimen 3\font
(fontspec)             =0\fontdimen 3\font \fontdimen 4\font =0\fontdimen
(fontspec)             4\font \fontdimen 7\font =0\fontdimen 2\font
(fontspec)             \tex_hyphenchar:D \font =-1\scan_stop: 
(fontspec)             - 'bold' (b/n) with NFSS spec.: <->s*[0.85]"DejaVu Sans
(fontspec)             Mono/B/OT:script=cyrl;language=dflt;"
(fontspec)             - 'bold small caps'  (b/sc) with NFSS spec.: 
(fontspec)             and font adjustment code:
(fontspec)             \fontdimen 2\font =1\fontdimen 2\font \fontdimen 3\font
(fontspec)             =0\fontdimen 3\font \fontdimen 4\font =0\fontdimen
(fontspec)             4\font \fontdimen 7\font =0\fontdimen 2\font
(fontspec)             \tex_hyphenchar:D \font =-1\scan_stop: 
(fontspec)             - 'italic' (m/it) with NFSS spec.: <->s*[0.85]"DejaVu
(fontspec)             Sans Mono/I/OT:script=cyrl;language=dflt;"
(fontspec)             - 'italic small caps'  (m/scit) with NFSS spec.: 
(fontspec)             and font adjustment code:
(fontspec)             \fontdimen 2\font =1\fontdimen 2\font \fontdimen 3\font
(fontspec)             =0\fontdimen 3\font \fontdimen 4\font =0\fontdimen
(fontspec)             4\font \fontdimen 7\font =0\fontdimen 2\font
(fontspec)             \tex_hyphenchar:D \font =-1\scan_stop: 
(fontspec)             - 'bold italic' (b/it) with NFSS spec.:
(fontspec)             <->s*[0.85]"DejaVu Sans
(fontspec)             Mono/BI/OT:script=cyrl;language=dflt;"
(fontspec)             - 'bold italic small caps'  (b/scit) with NFSS spec.: 
(fontspec)             and font adjustment code:
(fontspec)             \fontdimen 2\font =1\fontdimen 2\font \fontdimen 3\font
(fontspec)             =0\fontdimen 3\font \fontdimen 4\font =0\fontdimen
(fontspec)             4\font \fontdimen 7\font =0\fontdimen 2\font
(fontspec)             \tex_hyphenchar:D \font =-1\scan_stop: 

LaTeX Font Info:    Font shape `TU/DejaVuSansMono(1)/m/n' will be
(Font)              scaled to size 10.20007pt on input line 22.
)
\tf@toc=\write4
\openout4 = `main.toc'.


Overfull \hbox (1.07376pt too wide) in paragraph at lines 115--122
[]\TU/DejaVuSerif(1)/m/n/12 Во избежание разночтений отметим, что в литературе 
по многотельной
 []


Overfull \hbox (17.801pt too wide) in paragraph at lines 115--122
\TU/DejaVuSerif(1)/m/n/12 динамике через $[]$ принято обозначать полный избыточ
ный набор координат,
 []


Overfull \hbox (2.79437pt too wide) in paragraph at lines 115--122
\TU/DejaVuSerif(1)/m/n/12 векторы: полный набор абсолютных координат обозначен 
$[]$, минимальный
 []


Overfull \hbox (15.39911pt too wide) in paragraph at lines 123--126
[]\TU/DejaVuSerif(1)/m/n/12 Знак при $[]$ принят в соответствии с реализацией F
lexia, где вклад реакций
 []


Overfull \hbox (33.17186pt too wide) in paragraph at lines 123--126
\TU/DejaVuSerif(1)/m/n/12 добавляется в правую часть уравнений движения. На око
нчательный результат
 []


Overfull \hbox (0.56271pt too wide) in paragraph at lines 131--133
[]\TU/DejaVuSerif(1)/m/n/12 Алгоритм оптимального по быстродействию движения вд
оль заданного
 []

[2]
Overfull \hbox (21.48488pt too wide) in paragraph at lines 145--149
[][][]$\TU/DejaVuSerif(1)/m/n/12 , $[] \OT1/cmr/m/n/12 = [][][] + [][][]$ \TU/D
ejaVuSerif(1)/m/n/12 ограничение на моменты становится линейным относительно
 []


Overfull \hbox (23.28018pt too wide) in paragraph at lines 145--149
\TU/DejaVuSerif(1)/m/n/12 пары $\OT1/cmr/m/n/12 ([]\OML/cmm/m/it/12 ; []\OT1/cm
r/m/n/12 )$\TU/DejaVuSerif(1)/m/n/12 , что делает задачу выпуклой и обеспечивае
т надёжную сходимость
 []


Overfull \hbox (5.86063pt too wide) in paragraph at lines 150--150
[]\TU/DejaVuSerif(1)/b/n/14.4 Форма уравнений в Flexia и её отличия от требуемо
й 
 []


Overfull \hbox (56.09201pt too wide) in paragraph at lines 152--154
[]\TU/DejaVuSerif(1)/m/n/12 Библиотека интегрирует систему дифференциально-алге
браических уравнений
 []


Overfull \hbox (65.73659pt too wide) in paragraph at lines 168--179
 [][] 
 []


Overfull \hbox (19.44217pt too wide) in paragraph at lines 181--184
[]\TU/DejaVuSerif(1)/m/n/12 Числовые значения приведены для модели \TU/DejaVuSa
nsMono(1)/m/n/12 examples/parmech.jl \TU/DejaVuSerif(1)/m/n/12 при условии
 []


Overfull \hbox (37.39017pt too wide) in paragraph at lines 185--189
\TU/DejaVuSerif(1)/m/n/12 отсутствуют, однако все необходимые величины доступны
 через существующий
 []


Overfull \hbox (26.33069pt too wide) in paragraph at lines 193--195
[]\TU/DejaVuSerif(1)/m/n/12 Для вычисления $[]\OT1/cmr/m/n/12 ([])$ \TU/DejaVuS
erif(1)/m/n/12 и $[]\OT1/cmr/m/n/12 ([]\OML/cmm/m/it/12 ; []\OT1/cmr/m/n/12 )$ 
\TU/DejaVuSerif(1)/m/n/12 модель механизма собирается без элементов
 []


Overfull \hbox (13.17133pt too wide) in paragraph at lines 196--203
\TU/DejaVuSerif(1)/m/n/12 кинематической связью, а не источником обобщённой сил
ы: он резервирует
 []

[3]
Overfull \hbox (30.09982pt too wide) in paragraph at lines 204--211
[]\TU/DejaVuSerif(1)/m/n/12 Задача оптимального быстродействия ставится противо
положным образом:
 []


Overfull \hbox (56.68553pt too wide) in paragraph at lines 204--211
\TU/DejaVuSerif(1)/m/n/12 моменты. Приводные углы должны поэтому оставаться сво
бодными координатами,
 []


Overfull \hbox (2.54114pt too wide) in paragraph at lines 220--223
\TU/DejaVuSerif(1)/m/n/12 голономны и склерономны: они не зависят от скоростей 
и явно от времени. 
 []


Overfull \hbox (42.54228pt too wide) in paragraph at lines 224--229
[]\TU/DejaVuSerif(1)/m/n/12 Матрица доступна как блок якобиана правой части. Ст
роки, соответствующие
 []

LaTeX Font Info:    Font shape `TU/DejaVuSansMono(1)/m/n' will be
(Font)              scaled to size 8.50006pt on input line 230.

Overfull \hbox (35.29738pt too wide) in paragraph at lines 241--244
[]\TU/DejaVuSerif(1)/m/n/12 Прямой путь через \TU/DejaVuSansMono(1)/m/n/12 sys.
kinematic_constrains! \TU/DejaVuSerif(1)/m/n/12 (\TU/DejaVuSansMono(1)/m/n/12 s
ystem.jl:118\TU/DejaVuSerif(1)/m/n/12 ) неработоспособен
 []


Overfull \hbox (32.73782pt too wide) in paragraph at lines 245--251
\TU/DejaVuSerif(1)/m/n/12 последующего изложения и должен использоваться единоо
бразно, в частности
 []


Overfull \hbox (16.6328pt too wide) in paragraph at lines 245--251
\TU/DejaVuSerif(1)/m/n/12 при формировании $[][]$ через \TU/DejaVuSansMono(1)/m
/n/12 vel_cols\TU/DejaVuSerif(1)/m/n/12 . Несогласованность порядков приводит
 []


Overfull \hbox (33.65317pt too wide) in paragraph at lines 245--251
\TU/DejaVuSerif(1)/m/n/12 к результату, сохраняющему все формальные признаки ко
рректности, включая
 []


Overfull \hbox (1.25998pt too wide) in paragraph at lines 245--251
\TU/DejaVuSerif(1)/m/n/12 симметричность и положительную определённость приведё
нной матрицы
 []

[4]
Overfull \hbox (42.46439pt too wide) in paragraph at lines 259--262
\TU/DejaVuSerif(1)/m/n/12 кривошипов, то есть третьи компоненты обобщённых инде
ксов соответствующих
 []


Overfull \hbox (37.51712pt too wide) in paragraph at lines 273--276
[]\TU/DejaVuSerif(1)/m/n/12 Разбиение допустимо при условии обратимости $[][]$.
 Это условие выполняется
 []


Overfull \hbox (52.48474pt too wide) in paragraph at lines 291--295
\TU/DejaVuSerif(1)/m/n/12 многообразию $[]\OT1/cmr/m/n/12 ([]) = []$ \TU/DejaVu
Serif(1)/m/n/12 размерности $\OML/cmm/m/it/12 d$\TU/DejaVuSerif(1)/m/n/12 , вло
женному в пространство конфигураций. 
 []

LaTeX Font Info:    Font shape `TU/DejaVuSansMono(1)/m/it' will be
(Font)              scaled to size 8.50006pt on input line 298.

Overfull \hbox (1.15964pt too wide) in paragraph at lines 329--333
\TU/DejaVuSerif(1)/m/n/12 явного дифференцирования $[]$: достаточно величины $[
]$ и уже вычисленной
 []


Overfull \hbox (30.52887pt too wide) in paragraph at lines 334--337
[]\TU/DejaVuSerif(1)/m/n/12 Величина $[]$ представляет собой вторую производную
 связей вдоль текущего
 []


Overfull \hbox (50.01584pt too wide) in paragraph at lines 334--337
\TU/DejaVuSerif(1)/m/n/12 движения и вычисляется автоматическим дифференцирован
ием как производная
 []

[5]
Overfull \hbox (43.93176pt too wide) in paragraph at lines 376--379
\TU/DejaVuSerif(1)/m/n/12 перемещений: реакции идеальных связей ортогональны до
пустимым движениям
 []


Overfull \hbox (13.93652pt too wide) in paragraph at lines 389--395
 []\TU/DejaVuSerif(1)/b/n/12 Матрица приводов.[] \TU/DejaVuSerif(1)/m/n/12 Стол
бец $[]$, отвечающий моменту $\OML/cmm/m/it/12 ^^\[]$ \TU/DejaVuSerif(1)/m/n/12
 в шарнире между
 []


Overfull \hbox (9.19301pt too wide) in paragraph at lines 389--395
\TU/DejaVuSerif(1)/m/n/12 тела $\OML/cmm/m/it/12 b$\TU/DejaVuSerif(1)/m/n/12 . 
Если приводной шарнир соединяет закреплённое основание с телом,
 []


Overfull \hbox (49.03462pt too wide) in paragraph at lines 397--398
 []\TU/DejaVuSerif(1)/b/n/12 Извлечение исходных данных.[] \TU/DejaVuSerif(1)/m
/n/12 Матрица $[][]$ есть скоростной блок постоянной
 []


Overfull \hbox (0.99045pt too wide) in paragraph at lines 402--406
[]\TU/DejaVuSerif(1)/m/n/12 Обобщённые внешние силы $[]$ отдельным методом не п
редоставляются,
 []


Overfull \hbox (11.1515pt too wide) in paragraph at lines 402--406
\TU/DejaVuSerif(1)/m/n/12 однако вклады реакций входят в правую часть линейно п
о $[]$. Следовательно,
 []


Overfull \hbox (8.19748pt too wide) in paragraph at lines 402--406
\TU/DejaVuSerif(1)/m/n/12 при обнулении множителей в векторе состояния скоростн
ые строки правой
 []

[6]
Overfull \hbox (9.49742pt too wide) in paragraph at lines 411--411
[]\TU/DejaVuSerif(1)/b/n/17.28 Приведение к форме, требуемой алгоритмом
 []


Overfull \hbox (37.50854pt too wide) in paragraph at lines 416--418
[]\TU/DejaVuSerif(1)/m/n/12 Путь задаётся функцией $[]\OT1/cmr/m/n/12 (\OML/cmm
/m/it/12 s\OT1/cmr/m/n/12 )$\TU/DejaVuSerif(1)/m/n/12 , $\OML/cmm/m/it/12 s \OM
S/cmsy/m/n/12 2 \OT1/cmr/m/n/12 [0\OML/cmm/m/it/12 ; \OT1/cmr/m/n/12 1]$\TU/Dej
aVuSerif(1)/m/n/12 , дважды дифференцируемой. Возможны
 []


Overfull \hbox (9.49368pt too wide) in paragraph at lines 419--422
\TU/DejaVuSerif(1)/m/n/12 суставных координатах, интерполяция выполняется кубич
еским сплайном;
 []


Overfull \hbox (22.16959pt too wide) in paragraph at lines 427--433
\TU/DejaVuSerif(1)/m/n/12 Из полученного решения выделяются компоненты с индекс
ами $\OMS/cmsy/m/n/12 I$\TU/DejaVuSerif(1)/m/n/12 , по которым
 []


Overfull \hbox (49.50667pt too wide) in paragraph at lines 434--438
\TU/DejaVuSerif(1)/m/n/12 текущем интерфейсе она отсутствует (см. раздел []6[])
. Существующий \TU/DejaVuSansMono(1)/m/n/12 static_solver!
 []


Overfull \hbox (55.37387pt too wide) in paragraph at lines 456--459
\TU/DejaVuSerif(1)/m/n/12 собой сумму слагаемого, однородного второй степени по
 скорости, и позиционного
 []


Overfull \hbox (5.34396pt too wide) in paragraph at lines 463--466
\TU/DejaVuSerif(1)/m/n/12 все коэффициенты получаются тремя обращениями к $[]$ 
и $[]$ при различных
 []

[7]
Overfull \hbox (11.20934pt too wide) in paragraph at lines 468--475
\TU/DejaVuSerif(1)/m/n/12 добавляет слагаемое, линейное по $[]$, что нарушает л
инейность ограничения
 []


Overfull \hbox (13.36913pt too wide) in paragraph at lines 468--475
\TU/DejaVuSerif(1)/m/n/12 относительно $\OT1/cmr/m/n/12 ([]\OML/cmm/m/it/12 ; [
]\OT1/cmr/m/n/12 )$ \TU/DejaVuSerif(1)/m/n/12 и, как следствие, выпуклость зада
чи. При использовании
 []


Overfull \hbox (28.48647pt too wide) in paragraph at lines 468--475
\TU/DejaVuSerif(1)/m/n/12 демпферов требуется отдельная модификация постановки.
 В модели \TU/DejaVuSansMono(1)/m/n/12 parmech.jl
 []


Overfull \hbox (42.64474pt too wide) in paragraph at lines 476--479
\TU/DejaVuSerif(1)/m/n/12 соответствует стандартной постановке задачи оптимальн
ого по быстродействию
 []


Overfull \hbox (36.86282pt too wide) in paragraph at lines 483--486
\TU/DejaVuSerif(1)/m/n/12 без изменений в библиотеке, однако представляется цел
есообразным оформить
 []


Overfull \hbox (20.57195pt too wide) in paragraph at lines 508--510
[]\TU/DejaVuSerif(1)/m/n/12 Единая структура \TU/DejaVuSansMono(1)/m/n/12 Reduc
edModel \TU/DejaVuSerif(1)/m/n/12 фиксирует порядок индексов, что устраняет
 []


Overfull \hbox (23.60187pt too wide) in paragraph at lines 511--519
[]\TU/DejaVuSerif(1)/m/n/12 Дополнительно предлагается ввести тип \TU/DejaVuSan
sMono(1)/m/n/12 TorqueActuator2D <: AbstractForce2D
 []


Overfull \hbox (25.23369pt too wide) in paragraph at lines 511--519
\TU/DejaVuSerif(1)/m/n/12 ”— привод как источник момента, а не как связь. По ус
тройству он аналогичен
 []


Overfull \hbox (40.4598pt too wide) in paragraph at lines 511--519
\TU/DejaVuSerif(1)/m/n/12 а \TU/DejaVuSansMono(1)/m/n/12 number_of_dofs \TU/Dej
aVuSerif(1)/m/n/12 для него равен нулю. Такой элемент необходим для верификации

 []


Overfull \hbox (25.62912pt too wide) in paragraph at lines 511--519
\TU/DejaVuSerif(1)/m/n/12 (раздел []8[]) и представляет самостоятельный интерес
 для задач динамического
 []


Overfull \hbox (85.96811pt too wide) in paragraph at lines 525--534
[]\TU/DejaVuSerif(1)/m/n/12 Функция \TU/DejaVuSansMono(1)/m/n/12 compute_kinema
tic_residual! \TU/DejaVuSerif(1)/m/n/12 объявлена с сигнатурой \TU/DejaVuSansMo
no(1)/m/n/12 residual::Vector{Float64}\TU/DejaVuSerif(1)/m/n/12 ,
 []


Overfull \hbox (8.30151pt too wide) in paragraph at lines 525--534
\TU/DejaVuSansMono(1)/m/n/12 coordinates::Vector{Float64} \TU/DejaVuSerif(1)/m/
n/12 (\TU/DejaVuSansMono(1)/m/n/12 joints.jl:72, 172, 348\TU/DejaVuSerif(1)/m/n
/12 ; \TU/DejaVuSansMono(1)/m/n/12 connectors.jl:17--22\TU/DejaVuSerif(1)/m/n/1
2 ). Это
 []


Overfull \hbox (92.7391pt too wide) in paragraph at lines 525--534
\TU/DejaVuSerif(1)/m/n/12 исключает применение автоматического дифференцировани
я к \TU/DejaVuSansMono(1)/m/n/12 sys.kinematic_constrains!
 []


Overfull \hbox (29.90216pt too wide) in paragraph at lines 525--534
\TU/DejaVuSerif(1)/m/n/12 типов на \TU/DejaVuSansMono(1)/m/n/12 AbstractVector{
<:Real} \TU/DejaVuSerif(1)/m/n/12 устранила бы необходимость извлекать якобиан
 []

[8]
LaTeX Font Info:    Font shape `TU/DejaVuSansMono(0)/b/n' will be
(Font)              scaled to size 12.24008pt on input line 539.
LaTeX Font Info:    Font shape `TU/DejaVuSansMono(1)/b/n' will be
(Font)              scaled to size 12.24008pt on input line 539.

Overfull \hbox (91.75731pt too wide) in paragraph at lines 542--547
[]\TU/DejaVuSerif(1)/m/n/12 Объект \TU/DejaVuSansMono(1)/m/n/12 ground_joint = 
FixedJoint(ground) \TU/DejaVuSerif(1)/m/n/12 создаётся и настраивается (\TU/Dej
aVuSansMono(1)/m/n/12 parmech.jl:42--44\TU/DejaVuSerif(1)/m/n/12 ),
 []


Overfull \hbox (30.18358pt too wide) in paragraph at lines 542--547
\TU/DejaVuSerif(1)/m/n/12 присутствуют только двенадцать шарниров и ползун. Осн
ование удерживается
 []


Overfull \hbox (11.81857pt too wide) in paragraph at lines 542--547
\TU/DejaVuSerif(1)/m/n/12 исключительно за счёт назначенных ему массы и момента
 инерции порядка
 []


Overfull \hbox (24.42923pt too wide) in paragraph at lines 548--553
\TU/DejaVuSerif(1)/m/n/12 координаты основания попадают в число независимых, а 
различие масштабов
 []


Overfull \hbox (52.71873pt too wide) in paragraph at lines 557--564
\TU/DejaVuSerif(1)/m/n/12 симметричными ветвями. Для схем такого рода характерн
а линейная зависимость
 []


Overfull \hbox (3.53534pt too wide) in paragraph at lines 557--564
\TU/DejaVuSerif(1)/m/n/12 её отрицательном исходе базис $[] []$ строится сингул
ярным разложением,
 []


Overfull \hbox (19.92175pt too wide) in paragraph at lines 568--575
\TU/DejaVuSansMono(1)/m/n/12 max_iter \TU/DejaVuSerif(1)/m/n/12 вместо \TU/Deja
VuSansMono(1)/m/n/12 for iter in 1:max_iter \TU/DejaVuSerif(1)/m/n/12 (строка 9
4), что приводит к выполнению
 []


Overfull \hbox (32.56917pt too wide) in paragraph at lines 568--575
\TU/DejaVuSerif(1)/m/n/12 единственной итерации; ветвь досрочного выхода возвра
щает неопределённую
 []


Overfull \hbox (0.83983pt too wide) in paragraph at lines 568--575
\TU/DejaVuSerif(1)/m/n/12 в текущем виде неработоспособны. Для построения пути 
(п. []5.1[]) требуется
 []


Overfull \hbox (34.24046pt too wide) in paragraph at lines 578--585
\TU/DejaVuSerif(1)/m/n/12 множителей в позиционные строки правой части (\TU/Dej
aVuSansMono(1)/m/n/12 actuators.jl:47--48, 134--140\TU/DejaVuSerif(1)/m/n/12 ),

 []


Overfull \hbox (9.36813pt too wide) in paragraph at lines 578--585
\TU/DejaVuSerif(1)/m/n/12 тогда как шарниры ”— в скоростные (\TU/DejaVuSansMono
(1)/m/n/12 joints.jl:64--66, 144--155\TU/DejaVuSerif(1)/m/n/12 ). Вследствие
 []


Overfull \hbox (37.80205pt too wide) in paragraph at lines 578--585
\TU/DejaVuSerif(1)/m/n/12 для остальных соединений. Требуется уточнение, являет
ся ли это особенностью
 []

[9]
Overfull \hbox (46.24368pt too wide) in paragraph at lines 588--593
[]\TU/DejaVuSerif(1)/m/n/12 Интегрируется продифференцированная форма уравнений
 связей, вследствие
 []


Overfull \hbox (20.08867pt too wide) in paragraph at lines 588--593
\TU/DejaVuSerif(1)/m/n/12 чего исходное условие $[]\OT1/cmr/m/n/12 ([]) = []$ \
TU/DejaVuSerif(1)/m/n/12 численно дрейфует. Стабилизация Баумгарта
 []


Overfull \hbox (12.0802pt too wide) in paragraph at lines 588--593
\TU/DejaVuSerif(1)/m/n/12 учтено при планировании верификации: сравнение провод
ится на коротком
 []


Overfull \hbox (34.00471pt too wide) in paragraph at lines 597--599
[]\TU/DejaVuSerif(1)/m/n/12 Проверки упорядочены от локальных к интегральным; к
аждая последующая
 []


Overfull \hbox (34.47678pt too wide) in paragraph at lines 602--605
\TU/DejaVuSerif(1)/m/n/12 осуществляется переход к построению базиса сингулярны
м разложением. 
 []


Overfull \hbox (40.03319pt too wide) in paragraph at lines 606--609
\TU/DejaVuSerif(1)/m/n/12 точностью до машинной. Проверка контролирует корректн
ость построения
 []


Overfull \hbox (52.22655pt too wide) in paragraph at lines 616--619
[]\TU/DejaVuSerif(1)/b/n/12 Свойства приведённой матрицы масс. \TU/DejaVuSerif(
1)/m/n/12 Симметричность и положительная
 []


Overfull \hbox (15.1487pt too wide) in paragraph at lines 616--619
\TU/DejaVuSerif(1)/m/n/12 определённость $[]\OT1/cmr/m/n/12 ([])$\TU/DejaVuSeri
f(1)/m/n/12 ; совпадение кинетической энергии, вычисленной
 []


Overfull \hbox (19.26952pt too wide) in paragraph at lines 620--625
[]\TU/DejaVuSerif(1)/b/n/12 Согласованность динамики. \TU/DejaVuSerif(1)/m/n/12
 Из совпадающих допустимых начальных
 []


Overfull \hbox (11.18336pt too wide) in paragraph at lines 620--625
\TU/DejaVuSerif(1)/m/n/12 условий интегрируются приведённая система $[] \OT1/cm
r/m/n/12 = [][]([] \OMS/cmsy/m/n/12 ^^@ []\OT1/cmr/m/n/12 )$ \TU/DejaVuSerif(1)
/m/n/12 и исходная
 []


Overfull \hbox (31.9851pt too wide) in paragraph at lines 620--625
\TU/DejaVuSerif(1)/m/n/12 система [] средствами \TU/DejaVuSansMono(1)/m/n/12 si
mulate\TU/DejaVuSerif(1)/m/n/12 . Траектории должны совпадать в пределах
 []


Overfull \hbox (51.03665pt too wide) in paragraph at lines 620--625
\TU/DejaVuSerif(1)/m/n/12 погрешности интегрирования на интервале, где дрейф св
язей пренебрежимо
 []


Overfull \hbox (18.8867pt too wide) in paragraph at lines 626--630
[]\TU/DejaVuSerif(1)/b/n/12 Замыкание через обратную динамику. \TU/DejaVuSerif(
1)/m/n/12 По результату планирования
 []


Overfull \hbox (2.67572pt too wide) in paragraph at lines 626--630
\TU/DejaVuSerif(1)/m/n/12 вычисляются моменты $[]\OT1/cmr/m/n/12 (\OML/cmm/m/it
/12 t\OT1/cmr/m/n/12 )$\TU/DejaVuSerif(1)/m/n/12 , подаются в исходную модель к
ак внешние
 []


Overfull \hbox (52.37717pt too wide) in paragraph at lines 631--635
\TU/DejaVuSerif(1)/m/n/12 механизма и требует переопределения разбиения координ
ат на независимые
 []

[10]
Overfull \hbox (8.50803pt too wide) in paragraph at lines 641--649
\TU/DejaVuSerif(1)/m/n/12 Лагранжа к явной форме уравнений движения в минимальн
ых координатах
 []


Overfull \hbox (26.0703pt too wide) in paragraph at lines 641--649
\TU/DejaVuSerif(1)/m/n/12 существующий интерфейс. Основными предпосылками приме
нимости метода
 []


Overfull \hbox (11.64279pt too wide) in paragraph at lines 641--649
\TU/DejaVuSerif(1)/m/n/12 разбиения координат вдоль всего пути и отсутствие зав
исящих от скоростей
 []

The property list \polyglossia@langsetup contains the pairs (without outer
braces):
>  {latex/script}  =>  {latin}
>  {latex/lcscript}  =>  {latin}
>  {latex/scripttag}  =>  {}
>  {latex/language}  =>  {Latex}
>  {latex/langtag}  =>  {ENG}
>  {latex/bcp47}  =>  {}
>  {latex/hyphennames}  =>  {english}
>  {latex/direction}  =>  {LR}
>  {latex/hyphenmins}  =>  {2,3}
>  {latex/frenchspacing}  =>  {false}
>  {latex/indentfirst}  =>  {false}
>  {latex/fontsetup}  =>  {true}
>  {latex/envname}  =>  {latex}
>  {latex/babelname}  =>  {latex}
>  {latex/localnumeral}  =>  {polyglossia@C@localnumeral}
>  {latex/Localnumeral}  =>  {polyglossia@C@localnumeral}
>  {russian/script}  =>  {Cyrillic}
>  {russian/lcscript}  =>  {cyrillic}
>  {russian/scripttag}  =>  {cyrl}
>  {russian/language}  =>  {Russian}
>  {russian/langtag}  =>  {RUS}
>  {russian/bcp47}  =>  {ru}
>  {russian/hyphennames}  =>  {russian}
>  {russian/direction}  =>  {LR}
>  {russian/hyphenmins}  =>  {2,2}
>  {russian/frenchspacing}  =>  {true}
>  {russian/indentfirst}  =>  {true}
>  {russian/fontsetup}  =>  {true}
>  {russian/envname}  =>  {russian}
>  {russian/babelname}  =>  {russian}
>  {russian/localnumeral}  =>  {russiannumerals}
>  {russian/Localnumeral}  =>  {Russiannumerals}
>  {english/script}  =>  {latin}
>  {english/lcscript}  =>  {latin}
>  {english/scripttag}  =>  {}
>  {english/language}  =>  {English}
>  {english/langtag}  =>  {ENG}
>  {english/bcp47}  =>  {en-US}
>  {english/hyphennames}  =>  {english,american,usenglish,USenglish}
>  {english/direction}  =>  {LR}
>  {english/hyphenmins}  =>  {2,3}
>  {english/frenchspacing}  =>  {false}
>  {english/indentfirst}  =>  {false}
>  {english/fontsetup}  =>  {true}
>  {english/envname}  =>  {english}
>  {english/babelname}  =>  {american}
>  {english/localnumeral}  =>  {polyglossia@C@localnumeral}
>  {english/Localnumeral}  =>  {polyglossia@C@localnumeral}.
[11] (./main.aux
LaTeX Info: Redefining \rmfamily on input line 20.
LaTeX Info: Redefining \sffamily on input line 20.
LaTeX Info: Redefining \ttfamily on input line 20.
)
Package rerunfilecheck Info: File `main.out' has not changed.
(rerunfilecheck)             Checksum: C633803D206A4AC2FBF6B2512F0E16E6;6090.
 ) 
Here is how much of TeX's memory you used:
 16801 strings out of 478190
 325822 string characters out of 5854828
 922581 words of memory out of 5000000
 37083 multiletter control sequences out of 15000+600000
 484450 words of font info for 163 fonts, out of 8000000 for 9000
 14 hyphenation exceptions out of 8191
 73i,14n,80p,495b,1691s stack positions out of 5000i,500n,10000p,200000b,80000s

Output written on main.pdf (11 pages).
